<testsuites id="" name="" tests="8" failures="1" skipped="7" errors="0" time="6.881744">
<testsuite name="AdminTest\TaskStageTest.spec.js" timestamp="2025-10-29T07:16:44.121Z" hostname="chromium" tests="8" failures="1" skipped="7" time="0" errors="0">
<testcase name="TS03 - Task Stage › TC001 - Login with valid Credentials" classname="AdminTest\TaskStageTest.spec.js" time="0">
<failure message="TaskStageTest.spec.js:25:5 TC001 - Login with valid Credentials" type="FAILURE">
<![CDATA[  [chromium] › AdminTest\TaskStageTest.spec.js:25:5 › TS03 - Task Stage › TC001 - Login with valid Credentials 

    Error: page.goto: net::ERR_NAME_NOT_RESOLVED at https://pms-dev.medyaan.com/home/
    Call log:
      - navigating to "https://pms-dev.medyaan.com/home/", waiting until "load"


       at ..\POM_AdminPages\LoginPage.js:24

      22 |
      23 |   async gotoLoginPage(Url) {
    > 24 |     await this.page.goto(Url);
         |                     ^
      25 |     await this.SignInButton.click();
      26 |     
      27 |   }
        at LoginPage.gotoLoginPage (C:\PetClinic_ArunKumar\petclinic-playwright-test\POM_AdminPages\LoginPage.js:24:21)
        at C:\PetClinic_ArunKumar\petclinic-playwright-test\tests\AdminTest\TaskStageTest.spec.js:21:25

    Error Context: ..\test-results\AdminTest-TaskStageTest-TS-9d901-ogin-with-valid-Credentials-chromium\error-context.md
]]>
</failure>
<system-out>
<![CDATA[
[[ATTACHMENT|..\test-results\AdminTest-TaskStageTest-TS-9d901-ogin-with-valid-Credentials-chromium\error-context.md]]
]]>
</system-out>
</testcase>
<testcase name="TS03 - Task Stage › TC002 - Select User Role" classname="AdminTest\TaskStageTest.spec.js" time="0">
<skipped>
</skipped>
</testcase>
<testcase name="TS03 - Task Stage › TC003 - Navigate to Task Management" classname="AdminTest\TaskStageTest.spec.js" time="0">
<skipped>
</skipped>
</testcase>
<testcase name="TS03 - Task Stage › TC005 - Cancel task stage with valid data" classname="AdminTest\TaskStageTest.spec.js" time="0">
<skipped>
</skipped>
</testcase>
<testcase name="TS03 - Task Stage › TC006 - edit task stage details" classname="AdminTest\TaskStageTest.spec.js" time="0">
<skipped>
</skipped>
</testcase>
<testcase name="TS03 - Task Stage › TC007 - view task stage" classname="AdminTest\TaskStageTest.spec.js" time="0">
<skipped>
</skipped>
</testcase>
<testcase name="TS03 - Task Stage › TC008 - delete task stage details" classname="AdminTest\TaskStageTest.spec.js" time="0">
<skipped>
</skipped>
</testcase>
<testcase name="TS03 - Task Stage › TC009 - Add task stage with Invalid data" classname="AdminTest\TaskStageTest.spec.js" time="0">
<skipped>
</skipped>
</testcase>
</testsuite>
</testsuites>